../Drivers/CMSIS/Include/core_cm4.h:1814:22:__NVIC_SetPriority	16	static
../Drivers/CMSIS/Include/core_cm4.h:1938:34:__NVIC_SystemReset	4	static,ignoring_inline_asm
../Drivers/CMSIS/Include/core_cm4.h:2022:26:SysTick_Config	16	static
../Core/Src/main.c:91:1:__io_putchar	16	static
../Core/Src/main.c:229:5:main	136	static
../Core/Src/main.c:453:6:SystemClock_Config	88	static
../Core/Src/main.c:501:13:MX_I2C1_Init	8	static
../Core/Src/main.c:535:13:MX_I2C2_Init	8	static
../Core/Src/main.c:569:13:MX_TIM2_Init	32	static
../Core/Src/main.c:614:13:MX_TIM3_Init	32	static
../Core/Src/main.c:659:13:MX_TIM5_Init	64	static
../Core/Src/main.c:722:13:MX_USART2_UART_Init	8	static
../Core/Src/main.c:755:13:MX_GPIO_Init	48	static
../Core/Src/main.c:837:6:HAL_GPIO_EXTI_Callback	24	static
../Core/Src/main.c:893:6:HAL_UART_RxCpltCallback	40	static
../Core/Src/main.c:961:6:HAL_TIM_PeriodElapsedCallback	16	static
../Core/Src/main.c:992:6:check_move_state	4	static
../Core/Src/main.c:1002:6:check_move_state_r	4	static
../Core/Src/main.c:1013:6:motorControl	24	static
../Core/Src/main.c:1032:6:motorControl_r	24	static
../Core/Src/main.c:1053:6:check_pwm	4	static
../Core/Src/main.c:1061:6:check_pwm_r	4	static
../Core/Src/main.c:1070:6:Pwm_Left	16	static
../Core/Src/main.c:1077:6:Pwm_Right	16	static
../Core/Src/main.c:1085:6:apply_sensor_config	8	static
../Core/Src/main.c:1094:10:get_filtered_distance	40	static
../Core/Src/main.c:1128:6:limited_switch	8	static
../Core/Src/main.c:1143:6:Error_Handler	4	static,ignoring_inline_asm
